[preview.themeforest.net/item/charitify-ngocharityfundraising-html-template/full_screen_preview/21884830.html]
[backblue.gif]
[fade.gif]
[index.html]
[public-assets.envato-static.com/assets/market/core/index-35c302a3c436a185d3d399777264fd126429e5b98f02e9ac860a49b749fb57ae.css]
[public-assets.envato-static.com/assets/market/pages/preview/index-004d35cdd5d555cdd3e956d1b916825642de06529f0fe91fd9f390813761d2fc.css]
[public-assets.envato-static.com/icons/themeforest.net/apple-touch-icon-72x72-precomposed.png]
[public-assets.envato-static.com/icons/themeforest.net/apple-touch-icon-114x114-precomposed.png]
[public-assets.envato-static.com/icons/themeforest.net/apple-touch-icon-144x144-precomposed.png]
[public-assets.envato-static.com/icons/themeforest.net/apple-touch-icon-precomposed.png]
[www.google-analytics.com/analytics.js]
[public-assets.envato-static.com/assets/market/pages/full_screen_preview/index-58946df87e9876e43df3b356958c61872794777f3aed5f8ff743428fbb717696.js]
[preview.themeforest.net/item/charitify-ngocharityfundraising-html-template/full_screen_preview/21884830.html]
[public-assets.envato-static.com/assets/common/pagination_loader-7fb337642f4cde133550f90749ee6eeb94b0d56dce6ae041cacc18c2bae22699.gif]
[public-assets.envato-static.com/assets/market/core/index-35c302a3c436a185d3d399777264fd126429e5b98f02e9ac860a49b749fb57ae.css]
[public-assets.envato-static.com/assets/market/pages/preview/index-004d35cdd5d555cdd3e956d1b916825642de06529f0fe91fd9f390813761d2fc.css]
[preview.themeforest.net/item/charitify-ngocharityfundraising-html-template/full_screen_preview/linkid.html]
[www.googletagmanager.com/gtm5445.html]
